thread 'main' panicked at 'attempt to shift right with overflow', $DIR/overflowing-rsh-2.rs:6:14
