thread 'main' panicked at 'panicking from libstd', $DIR/panic1.rs:3:5
