thread 'main' panicked at 'panicking from libcore', $DIR/panic3.rs:3:5
