Dropping: 5
Continue main.
Continue main 2.
Joining: 7
